{
  "version": "1.5.0",
  "plugins_used": [
    {
      "name": "ArtifactoryDetector"
    },
    {
      "name": "AWSKeyDetector"
    },
    {
      "name": "AzureStorageKeyDetector"
    },
    {
      "name": "Base64HighEntropyString",
      "limit": 4.5
    },
    {
      "name": "BasicAuthDetector"
    },
    {
      "name": "CloudantDetector"
    },
    {
      "name": "DiscordBotTokenDetector"
    },
    {
      "name": "GitHubTokenDetector"
    },
    {
      "name": "GitLabTokenDetector"
    },
    {
      "name": "HexHighEntropyString",
      "limit": 3.0
    },
    {
      "name": "IbmCloudIamDetector"
    },
    {
      "name": "IbmCosHmacDetector"
    },
    {
      "name": "IPPublicDetector"
    },
    {
      "name": "JwtTokenDetector"
    },
    {
      "name": "KeywordDetector",
      "keyword_exclude": ""
    },
    {
      "name": "MailchimpDetector"
    },
    {
      "name": "NpmDetector"
    },
    {
      "name": "OpenAIDetector"
    },
    {
      "name": "PrivateKeyDetector"
    },
    {
      "name": "PypiTokenDetector"
    },
    {
      "name": "SendGridDetector"
    },
    {
      "name": "SlackDetector"
    },
    {
      "name": "SoftlayerDetector"
    },
    {
      "name": "SquareOAuthDetector"
    },
    {
      "name": "StripeDetector"
    },
    {
      "name": "TelegramBotTokenDetector"
    },
    {
      "name": "TwilioKeyDetector"
    }
  ],
  "filters_used": [
    {
      "path": "detect_secrets.filters.allowlist.is_line_allowlisted"
    },
    {
      "path": "detect_secrets.filters.common.is_baseline_file",
      "filename": ".secrets.baseline"
    },
    {
      "path": "detect_secrets.filters.common.is_ignored_due_to_verification_policies",
      "min_level": 2
    },
    {
      "path": "detect_secrets.filters.heuristic.is_indirect_reference"
    },
    {
      "path": "detect_secrets.filters.heuristic.is_likely_id_string"
    },
    {
      "path": "detect_secrets.filters.heuristic.is_lock_file"
    },
    {
      "path": "detect_secrets.filters.heuristic.is_not_alphanumeric_string"
    },
    {
      "path": "detect_secrets.filters.heuristic.is_potential_uuid"
    },
    {
      "path": "detect_secrets.filters.heuristic.is_prefixed_with_dollar_sign"
    },
    {
      "path": "detect_secrets.filters.heuristic.is_sequential_string"
    },
    {
      "path": "detect_secrets.filters.heuristic.is_swagger_file"
    },
    {
      "path": "detect_secrets.filters.heuristic.is_templated_secret"
    },
    {
      "path": "detect_secrets.filters.regex.should_exclude_file",
      "pattern": [
        "\\.env"
      ]
    }
  ],
  "results": {
    "data/locales/de/ui.toml": [
      {
        "type": "Secret Keyword",
        "filename": "data/locales/de/ui.toml",
        "hashed_secret": "1ed1a19e3e959d6aedc964a7ad45a3e68f7f6643",
        "is_verified": false,
        "line_number": 10
      },
      {
        "type": "Secret Keyword",
        "filename": "data/locales/de/ui.toml",
        "hashed_secret": "5698393a8367c6303740b5ab48623df01f087a01",
        "is_verified": false,
        "line_number": 11
      },
      {
        "type": "Secret Keyword",
        "filename": "data/locales/de/ui.toml",
        "hashed_secret": "b691d32c56e0bae22e53a93c0cfa62684dd8df6a",
        "is_verified": false,
        "line_number": 65
      },
      {
        "type": "Secret Keyword",
        "filename": "data/locales/de/ui.toml",
        "hashed_secret": "9467f0c81a32f0542af7dfecb486bd3934b49db1",
        "is_verified": false,
        "line_number": 123
      },
      {
        "type": "Secret Keyword",
        "filename": "data/locales/de/ui.toml",
        "hashed_secret": "3480d6b600955d4264216334a3acc7b0dd37248f",
        "is_verified": false,
        "line_number": 124
      },
      {
        "type": "Secret Keyword",
        "filename": "data/locales/de/ui.toml",
        "hashed_secret": "48aeb6cd24fb3e211da46a493c38eaa04b79949f",
        "is_verified": false,
        "line_number": 169
      }
    ],
    "data/locales/en/ui.toml": [
      {
        "type": "Secret Keyword",
        "filename": "data/locales/en/ui.toml",
        "hashed_secret": "08ca0f429dc2efe8ed582f7d22fa0eb5ba3370f7",
        "is_verified": false,
        "line_number": 10
      },
      {
        "type": "Secret Keyword",
        "filename": "data/locales/en/ui.toml",
        "hashed_secret": "da26ea73d8b238e6ba9065702c49aeee8b9b6fa3",
        "is_verified": false,
        "line_number": 11
      },
      {
        "type": "Secret Keyword",
        "filename": "data/locales/en/ui.toml",
        "hashed_secret": "edfc235fe530d69927127198e2d206f2bd761f4a",
        "is_verified": false,
        "line_number": 65
      },
      {
        "type": "Secret Keyword",
        "filename": "data/locales/en/ui.toml",
        "hashed_secret": "04d4895a4e7cb1f5cb18789faec97cb355a00f08",
        "is_verified": false,
        "line_number": 123
      },
      {
        "type": "Secret Keyword",
        "filename": "data/locales/en/ui.toml",
        "hashed_secret": "4543b678516b0d5de70c6ac8e5a371b80451bf9d",
        "is_verified": false,
        "line_number": 124
      },
      {
        "type": "Secret Keyword",
        "filename": "data/locales/en/ui.toml",
        "hashed_secret": "5a166caccd0c5d843fe12e04f34a4a7cb00382fb",
        "is_verified": false,
        "line_number": 169
      }
    ],
    "data/locales/fr/ui.toml": [
      {
        "type": "Secret Keyword",
        "filename": "data/locales/fr/ui.toml",
        "hashed_secret": "4f7e0196c170052598c329dc17998bd3355c0c67",
        "is_verified": false,
        "line_number": 10
      },
      {
        "type": "Secret Keyword",
        "filename": "data/locales/fr/ui.toml",
        "hashed_secret": "3e416564d7192b8d68fe346f459db38826fa82b9",
        "is_verified": false,
        "line_number": 11
      },
      {
        "type": "Secret Keyword",
        "filename": "data/locales/fr/ui.toml",
        "hashed_secret": "6b319437dc2a0b1d7759ee64db099001a731139b",
        "is_verified": false,
        "line_number": 65
      },
      {
        "type": "Secret Keyword",
        "filename": "data/locales/fr/ui.toml",
        "hashed_secret": "7497f04d1aefe3a6fd0947fc3c4e4775e1086e1b",
        "is_verified": false,
        "line_number": 123
      },
      {
        "type": "Secret Keyword",
        "filename": "data/locales/fr/ui.toml",
        "hashed_secret": "8f1fa175c575c0c8ebf783563b895beabeee95c3",
        "is_verified": false,
        "line_number": 124
      },
      {
        "type": "Secret Keyword",
        "filename": "data/locales/fr/ui.toml",
        "hashed_secret": "ecc9c5e677a83eb47a7f91c064977697b4965f98",
        "is_verified": false,
        "line_number": 169
      }
    ],
    "data/tldr_catalog.json": [
      {
        "type": "Basic Auth Credentials",
        "filename": "data/tldr_catalog.json",
        "hashed_secret": "5baa61e4c9b93f3f0682250b6cf8331b7ee68fd8",
        "is_verified": false,
        "line_number": 24183
      },
      {
        "type": "Basic Auth Credentials",
        "filename": "data/tldr_catalog.json",
        "hashed_secret": "9d4e1e23bd5b727046a9e3b4b7db57bd8d6ee684",
        "is_verified": false,
        "line_number": 113518
      }
    ],
    "data/tldr_catalog_de.json": [
      {
        "type": "Basic Auth Credentials",
        "filename": "data/tldr_catalog_de.json",
        "hashed_secret": "2e2b6533a81bc15430cf65de46dc097eeb5ba70c",
        "is_verified": false,
        "line_number": 3674
      }
    ],
    "data/tldr_manifest.json": [
      {
        "type": "Hex High Entropy String",
        "filename": "data/tldr_manifest.json",
        "hashed_secret": "52ee99f79ba0bc9f7543d424eec3faa93c800081",
        "is_verified": false,
        "line_number": 3
      },
      {
        "type": "Hex High Entropy String",
        "filename": "data/tldr_manifest.json",
        "hashed_secret": "28ec68194b860a32ebcabc234942b4b4a4a077a2",
        "is_verified": false,
        "line_number": 6
      },
      {
        "type": "Hex High Entropy String",
        "filename": "data/tldr_manifest.json",
        "hashed_secret": "cbc53f964cc2470b6b3c05eea17bce4d3c943657",
        "is_verified": false,
        "line_number": 10
      },
      {
        "type": "Hex High Entropy String",
        "filename": "data/tldr_manifest.json",
        "hashed_secret": "30c71d1b802ae3050d711a2a310524f6564ec9dd",
        "is_verified": false,
        "line_number": 14
      }
    ],
    "tests/test_app_integration.py": [
      {
        "type": "Secret Keyword",
        "filename": "tests/test_app_integration.py",
        "hashed_secret": "73ac05149992eff5ff70cf6b74f915d8ee6231c9",
        "is_verified": false,
        "line_number": 509
      }
    ],
    "tests/test_config.py": [
      {
        "type": "Base64 High Entropy String",
        "filename": "tests/test_config.py",
        "hashed_secret": "0273279bf124255ed868d24912fc7debc4e1a62f",
        "is_verified": false,
        "line_number": 166
      },
      {
        "type": "Secret Keyword",
        "filename": "tests/test_config.py",
        "hashed_secret": "5b29ef735a0cc9246f2024fe148fa051ddcd9c7b",
        "is_verified": false,
        "line_number": 170
      },
      {
        "type": "Secret Keyword",
        "filename": "tests/test_config.py",
        "hashed_secret": "65547299f940eca3dc839f3eac85e8a78a6deb05",
        "is_verified": false,
        "line_number": 181
      },
      {
        "type": "Base64 High Entropy String",
        "filename": "tests/test_config.py",
        "hashed_secret": "ab2f5b6f23401ad336ada823db9c5a687a9e904a",
        "is_verified": false,
        "line_number": 189
      },
      {
        "type": "Secret Keyword",
        "filename": "tests/test_config.py",
        "hashed_secret": "8fed4b0a8a7e47f84a80533d212991899ea48cf6",
        "is_verified": false,
        "line_number": 194
      },
      {
        "type": "Base64 High Entropy String",
        "filename": "tests/test_config.py",
        "hashed_secret": "73ccd381fd50d6c63147d4d7f791e9d4770b11e1",
        "is_verified": false,
        "line_number": 203
      },
      {
        "type": "Secret Keyword",
        "filename": "tests/test_config.py",
        "hashed_secret": "b9c8b877691c90a87e090bcc38e5f82c8da76e36",
        "is_verified": false,
        "line_number": 216
      }
    ],
    "tests/test_input_parser.py": [
      {
        "type": "Base64 High Entropy String",
        "filename": "tests/test_input_parser.py",
        "hashed_secret": "dea3c171abcdfb3e8380d6860630f618eb6e074f",
        "is_verified": false,
        "line_number": 97
      }
    ],
    "tests/test_mistral.py": [
      {
        "type": "Secret Keyword",
        "filename": "tests/test_mistral.py",
        "hashed_secret": "3acfb2c2b433c0ea7ff107e33df91b18e52f960f",
        "is_verified": false,
        "line_number": 112
      }
    ],
    "tests/test_provider.py": [
      {
        "type": "AWS Access Key",
        "filename": "tests/test_provider.py",
        "hashed_secret": "1d5bc0e7232d07b336f4d35db4c0200142962f4a",
        "is_verified": false,
        "line_number": 54
      },
      {
        "type": "Secret Keyword",
        "filename": "tests/test_provider.py",
        "hashed_secret": "fd9a45bc0b07706d849cf85021ecf9123fa83d82",
        "is_verified": false,
        "line_number": 487
      },
      {
        "type": "Secret Keyword",
        "filename": "tests/test_provider.py",
        "hashed_secret": "69dba6dfc0be932d10cdbfaae770c300cd7e0e3c",
        "is_verified": false,
        "line_number": 498
      },
      {
        "type": "Secret Keyword",
        "filename": "tests/test_provider.py",
        "hashed_secret": "e9a5f12a8ecbb3eb46eca5096b5c52aa5e7c9fdd",
        "is_verified": false,
        "line_number": 509
      }
    ],
    "tests/test_secret_detector.py": [
      {
        "type": "GitHub Token",
        "filename": "tests/test_secret_detector.py",
        "hashed_secret": "e175c6f5f2a92e8623bd9a4820edb4e8c1b0fd10",
        "is_verified": false,
        "line_number": 23
      },
      {
        "type": "GitHub Token",
        "filename": "tests/test_secret_detector.py",
        "hashed_secret": "ba29d6bfac4cd7b866a3d05103c38031a921ba88",
        "is_verified": false,
        "line_number": 24
      },
      {
        "type": "Base64 High Entropy String",
        "filename": "tests/test_secret_detector.py",
        "hashed_secret": "35a438b05abd278fdd64d74115a622c2b6342f33",
        "is_verified": false,
        "line_number": 26
      },
      {
        "type": "AWS Access Key",
        "filename": "tests/test_secret_detector.py",
        "hashed_secret": "25910f981e85ca04baf359199dd0bd4a3ae738b6",
        "is_verified": false,
        "line_number": 27
      },
      {
        "type": "GitLab Token",
        "filename": "tests/test_secret_detector.py",
        "hashed_secret": "f68bd4ab942f012db29f09bbcc991e17768aaafa",
        "is_verified": false,
        "line_number": 32
      },
      {
        "type": "Basic Auth Credentials",
        "filename": "tests/test_secret_detector.py",
        "hashed_secret": "ee977806d7286510da8b9a7492ba58e2484c0ecc",
        "is_verified": false,
        "line_number": 69
      },
      {
        "type": "Basic Auth Credentials",
        "filename": "tests/test_secret_detector.py",
        "hashed_secret": "5baa61e4c9b93f3f0682250b6cf8331b7ee68fd8",
        "is_verified": false,
        "line_number": 70
      },
      {
        "type": "Basic Auth Credentials",
        "filename": "tests/test_secret_detector.py",
        "hashed_secret": "fef341f85d87439e7d91a2d465b9871ef66b5e98",
        "is_verified": false,
        "line_number": 71
      },
      {
        "type": "Private Key",
        "filename": "tests/test_secret_detector.py",
        "hashed_secret": "be4fc4886bd949b369d5e092eb87494f12e57e5b",
        "is_verified": false,
        "line_number": 105
      },
      {
        "type": "JSON Web Token",
        "filename": "tests/test_secret_detector.py",
        "hashed_secret": "d5278f8f028c39a2e3357aab667bdd81c7ab5ea6",
        "is_verified": false,
        "line_number": 116
      }
    ],
    "tests/test_settings.py": [
      {
        "type": "Base64 High Entropy String",
        "filename": "tests/test_settings.py",
        "hashed_secret": "49737f1e5e41a28f0404fe02322aeb187144a098",
        "is_verified": false,
        "line_number": 209
      },
      {
        "type": "Base64 High Entropy String",
        "filename": "tests/test_settings.py",
        "hashed_secret": "1a18e404f9caa1c935760648d6353f265b5b246f",
        "is_verified": false,
        "line_number": 221
      },
      {
        "type": "Secret Keyword",
        "filename": "tests/test_settings.py",
        "hashed_secret": "3321475b2c47622fb960c7a271a6c912c994cdda",
        "is_verified": false,
        "line_number": 260
      }
    ]
  },
  "generated_at": "2026-06-10T11:25:45Z"
}
